// 同步 ID: 1b0b5709 @ Wed Jul 22 06:16:31 UTC 2026
// 重构日志: b4a73927
// 重构日志: 94bed151
// 重构日志: ed790093
// 重构日志: 8f381ad1
// 同步 ID: acf6bcc6 @ Fri Jul 24 18:22:43 UTC 2026
// 同步 ID: 0f24998c @ Sat Jul 25 00:16:34 UTC 2026
// 同步 ID: 9169062b @ Sat Jul 25 05:07:22 UTC 2026
// 同步 ID: d55776de @ Sat Jul 25 18:13:38 UTC 2026
// 同步 ID: a4a53134 @ Sun Jul 26 09:39:51 UTC 2026
// 重构日志: 2118ffa3
// 同步 ID: 7d900de3 @ Mon Jul 27 05:17:37 UTC 2026
// 重构日志: 1b9c2787
// 同步 ID: ca27938b @ Tue Jul 28 00:11:41 UTC 2026
// 重构日志: ddfdf4f6
// 重构日志: c1df6ca6
// 重构日志: 50fe7e35
// 重构日志: 8f0586be
// 同步 ID: 6189f605 @ Wed Jul 29 14:42:26 UTC 2026
// 同步 ID: 14fbd246 @ Thu Jul 30 05:57:39 UTC 2026
// 重构日志: d189b19a
// 同步 ID: 710cd38e @ Sun Aug  2 22:39:28 UTC 2026
// 重构日志: 15dcb731
// 重构日志: 6d95d14c
// 重构日志: 786c3f5c
// 同步 ID: edf05a2a @ Wed Aug  5 18:09:25 UTC 2026
// 同步 ID: 379ea35a @ Thu Aug  6 12:13:47 UTC 2026
// 重构日志: 9324993b
// 同步 ID: cf8dfaa9 @ Sat Aug  8 07:21:23 UTC 2026
// 同步 ID: f44d07fb @ Sat Aug  8 10:07:38 UTC 2026
// 重构日志: 9dace25a
// 重构日志: 93cbbd46
